\BOOKMARK [0][-]{chapter.1}{\376\377\000I\000n\000t\000r\000o\000d\000u\000\347\000\343\000o}{}% 1
\BOOKMARK [1][-]{section.1.1}{\376\377\000C\000o\000n\000t\000e\000x\000t\000u\000a\000l\000i\000z\000a\000\347\000\343\000o}{chapter.1}% 2
\BOOKMARK [1][-]{section.1.2}{\376\377\000O\000b\000j\000e\000t\000i\000v\000o\000s}{chapter.1}% 3
\BOOKMARK [1][-]{section.1.3}{\376\377\000A\000b\000o\000r\000d\000a\000g\000e\000m}{chapter.1}% 4
\BOOKMARK [2][-]{subsection.1.3.1}{\376\377\000I\000n\000t\000e\000r\000p\000o\000s\000i\000\347\000\343\000o\000\040\000d\000e\000\040\000F\000u\000n\000\347\000\365\000e\000s}{section.1.3}% 5
\BOOKMARK [2][-]{subsection.1.3.2}{\376\377\000D\000e\000t\000e\000c\000\347\000\343\000o\000\040\000d\000e\000\040\000D\000e\000a\000d\000l\000o\000c\000k\000s}{section.1.3}% 6
\BOOKMARK [2][-]{subsection.1.3.3}{\376\377\000E\000s\000t\000r\000u\000t\000u\000r\000a\000s\000\040\000d\000e\000\040\000D\000a\000d\000o\000s\000\040\000O\000t\000i\000m\000i\000z\000a\000d\000a\000s}{section.1.3}% 7
\BOOKMARK [2][-]{subsection.1.3.4}{\376\377\000D\000i\000a\000g\000n\000\363\000s\000t\000i\000c\000o\000\040\000D\000e\000t\000a\000l\000h\000a\000d\000o}{section.1.3}% 8
\BOOKMARK [0][-]{chapter.2}{\376\377\000F\000u\000n\000d\000a\000m\000e\000n\000t\000a\000\347\000\343\000o\000\040\000T\000e\000\363\000r\000i\000c\000a}{}% 9
\BOOKMARK [1][-]{section.2.1}{\376\377\000D\000e\000a\000d\000l\000o\000c\000k\000s}{chapter.2}% 10
\BOOKMARK [2][-]{subsection.2.1.1}{\376\377\000D\000e\000f\000i\000n\000i\000\347\000\343\000o\000\040\000e\000\040\000C\000o\000n\000d\000i\000\347\000\365\000e\000s\000\040\000N\000e\000c\000e\000s\000s\000\341\000r\000i\000a\000s}{section.2.1}% 11
\BOOKMARK [2][-]{subsection.2.1.2}{\376\377\000O\000\040\000P\000r\000o\000b\000l\000e\000m\000a\000\040\000d\000o\000s\000\040\000F\000i\000l\000\363\000s\000o\000f\000o\000s\000\040\000J\000a\000n\000t\000a\000n\000t\000e\000s}{section.2.1}% 12
\BOOKMARK [2][-]{subsection.2.1.3}{\376\377\000D\000e\000a\000d\000l\000o\000c\000k\000s\000\040\000e\000m\000\040\000S\000i\000s\000t\000e\000m\000a\000s\000\040\000M\000u\000l\000t\000i\000t\000h\000r\000e\000a\000d\000e\000d}{section.2.1}% 13
\BOOKMARK [2][-]{subsection.2.1.4}{\376\377\000D\000e\000t\000e\000c\000\347\000\343\000o\000\040\000d\000e\000\040\000D\000e\000a\000d\000l\000o\000c\000k\000s}{section.2.1}% 14
\BOOKMARK [2][-]{subsection.2.1.5}{\376\377\000P\000r\000e\000v\000e\000n\000\347\000\343\000o\000\040\000e\000\040\000M\000i\000t\000i\000g\000a\000\347\000\343\000o}{section.2.1}% 15
\BOOKMARK [1][-]{section.2.2}{\376\377\000L\000o\000c\000k\000d\000e\000p\000\040\000d\000o\000\040\000K\000e\000r\000n\000e\000l\000\040\000L\000i\000n\000u\000x}{chapter.2}% 16
\BOOKMARK [2][-]{subsection.2.2.1}{\376\377\000V\000i\000s\000\343\000o\000\040\000G\000e\000r\000a\000l}{section.2.2}% 17
\BOOKMARK [2][-]{subsection.2.2.2}{\376\377\000P\000r\000i\000n\000c\000\355\000p\000i\000o\000s\000\040\000d\000e\000\040\000F\000u\000n\000c\000i\000o\000n\000a\000m\000e\000n\000t\000o}{section.2.2}% 18
\BOOKMARK [2][-]{subsection.2.2.3}{\376\377\000I\000m\000p\000l\000e\000m\000e\000n\000t\000a\000\347\000\343\000o\000\040\000n\000o\000\040\000K\000e\000r\000n\000e\000l}{section.2.2}% 19
\BOOKMARK [2][-]{subsection.2.2.4}{\376\377\000R\000e\000g\000r\000a\000s\000\040\000d\000e\000\040\000V\000a\000l\000i\000d\000a\000\347\000\343\000o}{section.2.2}% 20
\BOOKMARK [2][-]{subsection.2.2.5}{\376\377\000S\000a\000\355\000d\000a\000\040\000d\000e\000\040\000D\000i\000a\000g\000n\000\363\000s\000t\000i\000c\000o}{section.2.2}% 21
\BOOKMARK [2][-]{subsection.2.2.6}{\376\377\000L\000i\000m\000i\000t\000a\000\347\000\365\000e\000s}{section.2.2}% 22
\BOOKMARK [2][-]{subsection.2.2.7}{\376\377\000R\000e\000l\000e\000v\000\342\000n\000c\000i\000a\000\040\000p\000a\000r\000a\000\040\000N\000o\000s\000s\000o\000\040\000P\000r\000o\000j\000e\000t\000o}{section.2.2}% 23
\BOOKMARK [1][-]{section.2.3}{\376\377\000I\000n\000t\000e\000r\000p\000o\000s\000i\000\347\000\343\000o\000\040\000d\000e\000\040\000F\000u\000n\000\347\000\365\000e\000s}{chapter.2}% 24
\BOOKMARK [2][-]{subsection.2.3.1}{\376\377\000C\000o\000n\000c\000e\000i\000t\000o}{section.2.3}% 25
\BOOKMARK [2][-]{subsection.2.3.2}{\376\377\000M\000e\000c\000a\000n\000i\000s\000m\000o\000s\000\040\000d\000e\000\040\000I\000n\000t\000e\000r\000p\000o\000s\000i\000\347\000\343\000o\000\040\000e\000m\000\040\000S\000i\000s\000t\000e\000m\000a\000s\000\040\000U\000n\000i\000x\000-\000l\000i\000k\000e}{section.2.3}% 26
\BOOKMARK [2][-]{subsection.2.3.3}{\376\377\000A\000t\000r\000i\000b\000u\000t\000o\000s\000\040\000d\000e\000\040\000C\000o\000n\000s\000t\000r\000u\000t\000o\000r\000\040\000e\000\040\000D\000e\000s\000t\000r\000u\000t\000o\000r}{section.2.3}% 27
\BOOKMARK [2][-]{subsection.2.3.4}{\376\377\000A\000p\000l\000i\000c\000a\000\347\000\365\000e\000s\000\040\000d\000a\000\040\000I\000n\000t\000e\000r\000p\000o\000s\000i\000\347\000\343\000o\000\040\000d\000e\000\040\000F\000u\000n\000\347\000\365\000e\000s}{section.2.3}% 28
\BOOKMARK [2][-]{subsection.2.3.5}{\376\377\000L\000i\000m\000i\000t\000a\000\347\000\365\000e\000s\000\040\000e\000\040\000D\000e\000s\000a\000f\000i\000o\000s}{section.2.3}% 29
\BOOKMARK [2][-]{subsection.2.3.6}{\376\377\000I\000n\000t\000e\000r\000p\000o\000s\000i\000\347\000\343\000o\000\040\000d\000e\000\040\000P\000t\000h\000r\000e\000a\000d\000\040\000M\000u\000t\000e\000x\000\040\000n\000o\000\040\000C\000o\000n\000t\000e\000x\000t\000o\000\040\000d\000e\000\040\000L\000o\000c\000k\000d\000e\000p}{section.2.3}% 30
\BOOKMARK [0][-]{chapter.3}{\376\377\000I\000m\000p\000l\000e\000m\000e\000n\000t\000a\000\347\000\343\000o}{}% 31
\BOOKMARK [1][-]{section.3.1}{\376\377\000V\000i\000s\000\343\000o\000\040\000G\000e\000r\000a\000l}{chapter.3}% 32
\BOOKMARK [2][-]{subsection.3.1.1}{\376\377\000A\000r\000q\000u\000i\000t\000e\000t\000u\000r\000a\000\040\000d\000o\000\040\000S\000i\000s\000t\000e\000m\000a}{section.3.1}% 33
\BOOKMARK [2][-]{subsection.3.1.2}{\376\377\000F\000l\000u\000x\000o\000\040\000d\000e\000\040\000E\000x\000e\000c\000u\000\347\000\343\000o}{section.3.1}% 34
\BOOKMARK [2][-]{subsection.3.1.3}{\376\377\000I\000n\000t\000e\000g\000r\000a\000\347\000\343\000o\000\040\000c\000o\000m\000\040\000A\000p\000l\000i\000c\000a\000\347\000\365\000e\000s}{section.3.1}% 35
\BOOKMARK [2][-]{subsection.3.1.4}{\376\377\000C\000o\000n\000s\000i\000d\000e\000r\000a\000\347\000\365\000e\000s\000\040\000d\000e\000\040\000D\000e\000s\000i\000g\000n}{section.3.1}% 36
\BOOKMARK [1][-]{section.3.2}{\376\377\000E\000s\000t\000r\000u\000t\000u\000r\000a\000s\000\040\000d\000e\000\040\000D\000a\000d\000o\000s}{chapter.3}% 37
\BOOKMARK [2][-]{subsection.3.2.1}{\376\377\000R\000e\000p\000r\000e\000s\000e\000n\000t\000a\000\347\000\343\000o\000\040\000d\000o\000\040\000G\000r\000a\000f\000o\000\040\000d\000e\000\040\000D\000e\000p\000e\000n\000d\000\352\000n\000c\000i\000a\000s}{section.3.2}% 38
\BOOKMARK [2][-]{subsection.3.2.2}{\376\377\000R\000a\000s\000t\000r\000e\000a\000m\000e\000n\000t\000o\000\040\000d\000e\000\040\000L\000o\000c\000k\000s\000\040\000p\000o\000r\000\040\000T\000h\000r\000e\000a\000d}{section.3.2}% 39
\BOOKMARK [2][-]{subsection.3.2.3}{\376\377\000E\000s\000t\000r\000u\000t\000u\000r\000a\000s\000\040\000G\000l\000o\000b\000a\000i\000s\000\040\000d\000o\000\040\000S\000i\000s\000t\000e\000m\000a}{section.3.2}% 40
\BOOKMARK [2][-]{subsection.3.2.4}{\376\377\000P\000r\000e\000v\000e\000n\000\347\000\343\000o\000\040\000d\000e\000\040\000R\000e\000c\000u\000r\000s\000\343\000o}{section.3.2}% 41
\BOOKMARK [2][-]{subsection.3.2.5}{\376\377\000A\000r\000m\000a\000z\000e\000n\000a\000m\000e\000n\000t\000o\000\040\000d\000e\000\040\000I\000n\000f\000o\000r\000m\000a\000\347\000\365\000e\000s\000\040\000d\000e\000\040\000D\000i\000a\000g\000n\000\363\000s\000t\000i\000c\000o}{section.3.2}% 42
\BOOKMARK [2][-]{subsection.3.2.6}{\376\377\000C\000o\000n\000s\000i\000d\000e\000r\000a\000\347\000\365\000e\000s\000\040\000s\000o\000b\000r\000e\000\040\000E\000f\000i\000c\000i\000\352\000n\000c\000i\000a\000\040\000e\000\040\000E\000s\000c\000a\000l\000a\000b\000i\000l\000i\000d\000a\000d\000e}{section.3.2}% 43
\BOOKMARK [0][-]{chapter.4}{\376\377\000R\000e\000s\000u\000l\000t\000a\000d\000o\000s}{}% 44
\BOOKMARK [1][-]{section.4.1}{\376\377\000T\000e\000s\000t\000e\000s\000\040\000R\000e\000a\000l\000i\000z\000a\000d\000o\000s}{chapter.4}% 45
\BOOKMARK [1][-]{section.4.2}{\376\377\000A\000n\000\341\000l\000i\000s\000e\000\040\000d\000o\000s\000\040\000R\000e\000s\000u\000l\000t\000a\000d\000o\000s}{chapter.4}% 46
\BOOKMARK [2][-]{subsection.4.2.1}{\376\377\000D\000e\000t\000e\000c\000\347\000\343\000o\000\040\000d\000e\000\040\000V\000i\000o\000l\000a\000\347\000\343\000o\000\040\000d\000e\000\040\000O\000r\000d\000e\000m}{section.4.2}% 47
\BOOKMARK [2][-]{subsection.4.2.2}{\376\377\000D\000e\000t\000e\000c\000\347\000\343\000o\000\040\000d\000e\000\040\000C\000i\000c\000l\000o}{section.4.2}% 48
\BOOKMARK [1][-]{section.4.3}{\376\377\000L\000i\000m\000i\000t\000a\000\347\000\365\000e\000s}{chapter.4}% 49
\BOOKMARK [0][-]{chapter.5}{\376\377\000R\000e\000f\000e\000r\000\352\000n\000c\000i\000a\000s}{}% 50
\BOOKMARK [0][-]{appendix.A}{\376\377\000C\000\363\000d\000i\000g\000o\000\040\000F\000o\000n\000t\000e}{}% 51
\BOOKMARK [1][-]{section.A.1}{\376\377\000A\000r\000q\000u\000i\000v\000o\000\040\000l\000o\000c\000k\000d\000e\000p\000.\000h}{appendix.A}% 52
